<html>
<body>
<pre>
<h1>µVision Build Log</h1>
<h2>Tool Versions:</h2>
IDE-Version: ¦ÌVision V5.36.0.0
Copyright (C) 2021 ARM Ltd and ARM Germany GmbH. All rights reserved.
License Information: yipeifang Hacker, nine, LIC=WHYH9-4885Y-HLACL-0J22A-DNA0Z-0BAW8
 
Tool Versions:
Toolchain:       MDK-ARM Plus  Version: 5.36.0.0
Toolchain Path:  D:\Keil_v5\ARM\ARMCC\Bin
C Compiler:      Armcc.exe V5.06 update 7 (build 960)
Assembler:       Armasm.exe V5.06 update 7 (build 960)
Linker/Locator:  ArmLink.exe V5.06 update 7 (build 960)
Library Manager: ArmAr.exe V5.06 update 7 (build 960)
Hex Converter:   FromElf.exe V5.06 update 7 (build 960)
CPU DLL:         SARMCM3.DLL V5.36.0.0
Dialog DLL:      DCM.DLL V1.17.3.0
Target DLL:      STLink\ST-LINKIII-KEIL_SWO.dll V3.0.9.0
Dialog DLL:      TCM.DLL V1.53.0.0
 
<h2>Project:</h2>
D:\Code_Src\Github\FOC5.2.0\FOC_v5.2.0_57BLDC_HALLSensor\YSF4_HAL_MOTOR-650\MDK-ARM\YSF4_FOC-011. FOC_v5.2.0_57BLDC_HALLSensor.uvprojx
Project File Date:  01/05/2025

<h2>Output:</h2>
*** Using Compiler 'V5.06 update 7 (build 960)', folder: 'D:\Keil_v5\ARM\ARMCC\Bin'
Rebuild target 'YSF4_FOC-011. FOC_v5.2.0_57BLDC_HALLSensor'
assembling startup_stm32f407xx.s...
compiling stm32f4xx_it.c...
compiling stm32f4xx_hal_msp.c...
compiling main.c...
compiling user_interface.c...
compiling regular_conversion_manager.c...
compiling mc_tasks.c...
compiling mc_parameters.c...
compiling mc_api.c...
compiling stm32f4xx_hal_adc.c...
compiling motor_control_protocol.c...
compiling mc_config.c...
compiling stm32f4xx_hal_adc_ex.c...
compiling motorcontrol.c...
compiling stm32f4xx_mc_it.c...
compiling ui_task.c...
compiling stm32f4xx_hal_dac_ex.c...
compiling stm32f4xx_hal_dac.c...
compiling stm32f4xx_hal_rcc_ex.c...
compiling stm32f4xx_hal_tim_ex.c...
compiling stm32f4xx_hal_flash_ex.c...
compiling stm32f4xx_hal_flash_ramfunc.c...
compiling stm32f4xx_hal_dma.c...
compiling stm32f4xx_hal_rcc.c...
compiling stm32f4xx_hal_gpio.c...
compiling stm32f4xx_hal_flash.c...
compiling stm32f4xx_hal_dma_ex.c...
compiling stm32f4xx_hal_uart.c...
compiling mc_irq_handler.c...
compiling stm32f4xx_hal_tim.c...
compiling stm32f4xx_hal_pwr.c...
compiling stm32f4xx_hal_pwr_ex.c...
compiling system_stm32f4xx.c...
compiling stm32f4xx_hal.c...
compiling stm32f4xx_hal_cortex.c...
compiling motor_power_measurement.c...
compiling ntc_temperature_sensor.c...
compiling circle_limitation.c...
compiling bus_voltage_sensor.c...
compiling mc_math.c...
compiling digital_output.c...
compiling hall_speed_pos_fdbk.c...
compiling mc_interface.c...
compiling pid_regulator.c...
compiling open_loop.c...
compiling pwm_curr_fdbk.c...
compiling pqd_motor_power_measurement.c...
compiling pwm_common.c...
compiling speed_pos_fdbk.c...
compiling ramp_ext_mngr.c...
compiling state_machine.c...
compiling speed_torq_ctrl.c...
compiling r_divider_bus_voltage_sensor.c...
compiling virtual_speed_sensor.c...
compiling r3_f4xx_pwm_curr_fdbk.c...
compiling revup_ctrl.c...
compiling dac_ui.c...
compiling dac_common_ui.c...
compiling ui_irq_handler.c...
compiling frame_communication_protocol.c...
compiling usart_frame_communication_protocol.c...
linking...
Program Size: Code=24768 RO-data=1096 RW-data=1600 ZI-data=1776  
FromELF: creating hex file...
"YSF4_FOC-011. FOC_v5.2.0_57BLDC_HALLSensor\YSF4_FOC-011. FOC_v5.2.0_57BLDC_HALLSensor" - 0 Error(s), 0 Warning(s).

<h2>Software Packages used:</h2>

Package Vendor: ARM
                http://www.keil.com/pack/ARM.CMSIS.5.8.0.pack
                ARM.CMSIS.5.8.0
                CMSIS (Common Microcontroller Software Interface Standard)
   * Component: CORE Version: 5.5.0

Package Vendor: Keil
                http://www.keil.com/pack/Keil.STM32F4xx_DFP.2.14.0.pack
                Keil.STM32F4xx_DFP.2.14.0
                STMicroelectronics STM32F4 Series Device Support, Drivers and Examples

<h2>Collection of Component include folders:</h2>
  .\RTE\_YSF4_FOC-011._FOC_v5.2.0_57BLDC_HALLSensor
  D:\Keil_v5\Arm\Packs\ARM\CMSIS\5.8.0\CMSIS\Core\Include
  D:\Keil_v5\Arm\Packs\Keil\STM32F4xx_DFP\2.14.0\Drivers\CMSIS\Device\ST\STM32F4xx\Include

<h2>Collection of Component Files used:</h2>

   * Component: ARM::CMSIS:CORE:5.5.0
Build Time Elapsed:  00:00:19
</pre>
</body>
</html>
